[   0.0000] nitializing cgrop ubsy cuset
[    0.000000] Initializing cgroup subsys cpu
[   0.000000 Initiliing crop subsys cpuacct
[    0.000000 Lnux veion 44.-34-generic (buildd@lgw01-20) (gcc version 5.3.1 20160413 (Ubuntu 5.3.114buntu21)) #5-Uuntu SP WedJul 271606:39 UTC 2016 (Ubuntu 4.4.0-34.53-generc .4.15)
[    0.000000] Coman line: BOOT_IMAGE=/boot/vmlinuz-4.4.0-34-generic root=LABEL=cloudimg-rootfs ro console=tty1 console=ttyS0
[    0.000000] KERNEL supported cpus:
[    0.000000]   Intel GenuineIntel
[    0.000000]   AMD AuthenticAMD
[    0.000000]   Centaur CentaurHauls
[    0.000000] x86/fpu: xstate_offset[2]:  576, xstate_sizes[2]:  256
[    0.000000 x6/fpu: Supporting XSAVE feature 0x01: 'x87 floating point registers'
[    0.000000] x86/fpu: Supporting XSAVE feature 0x02: 'SSE registers'
[    0.000000] x86/fpu: Supporting XSVE feature 0x04: 'AVX registers'
[    0.000000] x86/fpu: Enabled xstate features 0x7, context sze is 832 bytes, using 'standard' format.
[    0.000000] x86/fpu: Using 'lazy' FPU context switches.
[    0.000000] e820: BIOS-provided physical RAM map:
[    0.000000] BIOS-e820: [mem 0x0000000000000000-0x000000000009fbff] usable
[    0.000000] BIOS-e820: [mem 0x000000000009fc00-0x000000000009ffff] reserved
[    0.000000] BIOS-e80:[mem 0x0000000000f0000-0x0000000000fffff] reserved
[    0.000000] BIOS-e820: [mem 0x0000000000100000-0x000000003ffeffff] usable
[    0.000000] BIOS-e820: [mem 0x000000003fff00000x00000003fffffff] ACPI data
[    0.000000] BIOS-e820: [mem 0x00000000fffc0000-0x00000000ffffffff] reserved
[    0.000000] NX (Execute Disable) roection:acive
   0.000000] SMBIOS 2.5 present.
[    0.000000] Hypervisor detected: KVM
[    0.0000] e20 last_pfn = 0x3fff0 max_arch_pfn = 0x400000000
[    0.0000] x86/PAT Cnfigurtin [0-7: B  W  UC- UC  B WC  U- T 
[   0000000] MTRR: Disabled
[    0.000000] CPU MTRRs all blank - virtualized system.
[    0.000000] found SMP MP-table at [mem 0x0009fff0-0x0009ffff] mapped at [ffff88000009fff0]
[    0.000000] Scanning 1 areas for low memory corruption
[    0.000000] RAMDISK: [mem 0x371d6000-0x378e2fff]
[    0.000000] ACPI: Early table checksum verification disabled
[    0.000000] ACPI: RSDP 0x00000000000E0000 000024 (v02 VBOX  )
[    0.000000] ACI:XSDT 0x000000003FFF00300003C (v01 VBOX   VBOXXSDT000000 AS  00000061)
[    0.000000] ACPI: FACP 0x000000003FFF00F0 0000F4 (v04 VBOX   VBOXFACP 00000001 ASL  00000061)
[    0.000000] ACPI: DSDT 0x000000003FFF0470 002106 (v01 VBOX   VBOXBIOS 00000002 INTL 20100528)
[    0.000000] ACPI: FACS0x000000003FFF0200 000040
[    0.000000] ACPI: FAC 0x000000003FFF0200 000040
   0.0000] ACPI: APIC 0x000000003FFF0240 00005C (v02 VBOX   VBOXAPIC 00000001 ASL  00000061)
[    0.000000] ACPI: SSDT 0x000000003FFF02A0 0001CC (v01 VBOX   VBOXCPUT 00000002 INTL 20100528)
[    0.000000] No NUMA configuration found
[    0.000000] Faking a node at [mem 0x0000000000000000-0x00000000ffffff]
[    0.000000] NODE_DATA(0) allocated [mem 0xffeb000-0x3ffeffff]
[    0.000000] kvm-clock: Using msrs 4b564d01 and 4b564d00
[    0.000000] kvmclck: cp 0 msr0:ffe7001, primary cpu clock
[    0.000000] kvm-clock: using scedofset of409144203 cycles
[    000000] clocksource:kv-clock: mask: 0xffffffffffffffff axcycles: 0x1cd42e4dffb, max_idle_ns: 881590591483 ns[    0.000000] Zone ranges:
[    0.000000]   DMA      [mem 0x0000000000001000-0x0000000000ffffff]
[    0.000000]   DMA32    [mem 0x0000000001000000-0x000000003ffeffff]
   0.000000]   Normal   empty
[    0.000000]   Device   empty
[    0.000000] Movable zone start fo ech nod
   0.00000 Eary emory od ranes
[    0.000000]   node   0: [mem 0x0000000000001000-0x000000000009efff]
[    0.000000]   node   0: [mem0x000000001000-0x000000003ffeffff]
[    0.000000] Initmem setup node 0 [mem 0x0000000000001000-0x000000003fffff]
[    0.000000] ACPI: PM-Timer IO Port: 0x4008
[    0.00000] IOAPIC[0]: apic_id 2, version 17, address 0xfec00000, GSI 0-23
[    0.000000] ACPI: INT_SRC_OVR (bus 0 bus_irq 0 global_irq 2 df dfl)
[    0.000000] ACPI: INT_SRC_OVR (bus 0 b_irq 9 gobl_irq 9 high level)
[    0.000000] Using ACPI (MADT) orSMP configuration information
[    0.000000] smpboot: Allowing 2 CPUs, 0 hotplug CPUs
[    0.000000] PM: Registered nosave memory: [mem 0x00000000-0x0000ff]
[   0.0000] M: Regstred nosav mmory: [mem x009000-009ffff]
[    0.000000] PM: Registered nosave memory: [mem 0x000a0000-0x000effff]
[    0.000000] PM: Registered nosave memory: [mem 0x000f0000-0x00fffff]
   0.000000] e820: [mem 0x40000000-0xfffbffff] available for PCI devics
[    0.000000] Booting paravirtualized kernel on KVM
[    0.000000] clocksource: refined-jiffies: mask: 0xffffffff maxcyles:0xffffffff, max_idle_ns: 7645519600211568 ns
[    0.000000] setup_percpu: NR_CPUS:256 nr_cpumask_bits:256 r_cpu_ids:2 nr_node_ids:1
[    0.000000] PERCPU:Embedded 33 pages/cpu @ffff88003fc00000 s98008 r892 d28968 u1048576
    0.000000] PV qspinlock hash table entries: 256 (ordr: 0, 4096 bytes)
[    0.000000] Built 1 zonelists in Node order, mobility grouping on. Ttal pages: 257913
[    0.000000] Policy zone: DMA32
[    0.000000] Kernel command line: BOOT_IMAGE=/boot/vmlinuz-4.4.0-34-generic root=LABEL=cloudimg-rootfs ro console=tty1 console=ttyS0
[    0.000000] PID hash table entries: 4096 (ordr:3, 32768 bytes)
[    0.000000] Memory: 1005420K/1048120K avalable (8394K kernel code, 1282K rwdata, 3944K rodata, 1480K init, 1292K bss, 42700K reserved, 0K cma-reserved)
[    0.000000] SLUB: HWalign=64, Order=0-3, MinObjects=0, CPUs=2, Nodes=1
[    0.000000] Hierarchical RCU implementtion
    0.0000000] 	Build-time adjustment of leaf fanout to 64.
[   0000000] 	RCU restricting CPUs from NR_CPUS=256 to nr_cpu_ids=2.
[    0.000000] RCU: Adjusting geometry for rcu_fanout_leaf=64, nr_cpu_ids=2
[    0.000000] NR_IRQS:16640 nr_irqs:440 16
[    0.00000] onsole: colour VGA+ 8025
[    0.000000] console [tty1] enabled
[    0.000000] console [ttyS0] enabled
[   .000000] tsc: Detected 2594.116 MHz processor
[    5.071206] Calibrating delay loop (skipped) preset value.. 5188.23 BogoMIPS (lpj=10376464)
[    5.105915] pid_max: default: 32768 minimum: 301
[    5.151157] ACPI: Core revision 20150930
[    5.174368] ACPI: 2 ACPI AML tables successfully acquired and loaded
[    5.184834] Security Framework initialized
[    5.200719] Yama: becoming mindful.
[    5.212921] AppArmor: AppArmor initialized
[    5.272236] Dentry cache hash table entries: 131072 (order: 8, 1048576 bytes)
[    5.283389] Inode-cache hash table entries: 65536 (order: 7, 524288 bytes)
[    5.301635] Mount-cache hash table entries: 2048 (order: 2, 16384 bytes)
[    5.343909] Mountpoint-cache hash table entries: 2048 (order: 2, 16384 bytes)
[    5.374155] Initializing cgroup subsys io
[    5.401084] Initializing cgroup subsys memory
[    5.417435] Initializing cgroup subsys devices
[    5.419104] Initializing cgroup subsys freezer
[    5.420742] Initializing cgroup subsys net_cls
[    5.422371] Initializing cgroup subsys perf_event
[    5.424184] Initializing cgroup subsys net_prio
[    5.431944] Initializing cgroup subsys hugetlb
[    5.508420] Initializing cgroup subsys pids
[    5.521009] CPU: Physical Processor ID: 0
[    5.543911] CPU: Processor Core ID: 0
[    5.555782] mce: CPU supports 0 MCE banks
[    5.588889] Last level iTLB entries: 4KB 512, 2MB 8, 4MB 8
[    5.604500] Last level dTLB entries: 4KB 512, 2MB 32, 4MB 32, 1GB 0
[    5.618708] Freeing SMP alternatives memory: 28K (ffffffff820b4000 - ffffffff820bb000)
[    5.649325] ftrace: allocating 31994 entries in 125 pages
[    5.720240] smpboot: Max logical packages: 1
[    5.728051] smpboot: APIC(0) Converting physical 0 to logical package 0
[    5.755184] ..TIMER: vector=0x30 apic1=0 pin1=2 apic2=-1 pin2=-1
[    5.872264] smpboot: CPU0: Intel(R) Core(TM) i5-3230M CPU @ 2.60GHz (family: 0x6, model: 0x3a, stepping: 0x9)
[    5.895091] Performance Events: unsupported p6 CPU model 58 no PMU driver, software events only.
[    5.898704] KVM setup paravirtual spinlock
[    5.906547] x86: Booting SMP configuration:
[    5.920949] .... node  #0, CPUs:      #1
[    5.931129] kvm-clock: cpu 1, msr 0:3ffe7041, secondary cpu clock
[    5.936016] mce: CPU supports 0 MCE banks
[    5.945001] x86: Booted up 1 node, 2 CPUs
[    5.977503] smpboot: Total of 2 processors activated (10376.46 BogoMIPS)
[    5.988889] devtmpfs: initialized
[    5.998093] evm: security.selinux
[    6.002672] evm: security.SMACK64
[    6.007061] evm: security.SMACK64EXEC
[    6.015195] evm: security.SMACK64TRANSMUTE
[    6.024417] evm: security.SMACK64MMAP
[    6.033967] evm: security.ima
[    6.042934] evm: security.capability
[    6.046802] clocksource: jiffies: mask: 0xffffffff max_cycles: 0xffffffff, max_idle_ns: 7645041785100000 ns
[    6.061218] pinctrl core: initialized pinctrl subsystem
[    6.064853] RTC time: 12:52:11, date: 08/23/16
[    6.079582] NET: Registered protocol family 16
[    6.096317] cpuidle: using governor ladder
[    6.116349] cpuidle: using governor menu
[    6.121930] PCCT header not found.
[    6.131011] ACPI: bus type PCI registered
[    6.134737] acpiphp: ACPI Hot Plug PCI Controller Driver version: 0.5
[    6.138769] PCI: Using configuration type 1 for base access
[    6.161767] ACPI: Added _OSI(Module Device)
[    6.172428] ACPI: Added _OSI(Processor Device)
[    6.188174] ACPI: Added _OSI(3.0 _SCP Extensions)
[    6.197286] ACPI: Added _OSI(Processor Aggregator Device)
[    6.211440] ACPI: Executed 1 blocks of module-level executable AML code
[    6.222587] ACPI: Interpreter enabled
[    6.225991] ACPI Exception: AE_NOT_FOUND, While evaluating Sleep State [\_S1_] (20150930/hwxface-580)
[    6.233144] ACPI Exception: AE_NOT_FOUND, While evaluating Sleep State [\_S2_] (20150930/hwxface-580)
[    6.250833] ACPI Exception: AE_NOT_FOUND, While evaluating Sleep State [\_S3_] (20150930/hwxface-580)
[    6.283696] ACPI Exception: AE_NOT_FOUND, While evaluating Sleep State [\_S4_] (20150930/hwxface-580)
[    6.291539] ACPI: (supports S0 S5)
[    6.302860] ACPI: Using IOAPIC for interrupt routing
[    6.306664] PCI: Using host bridge windows from ACPI; if necessary, use "pci=nocrs" and report a bug
[    6.315297] ACPI: PCI Root Bridge [PCI0] (domain 0000 [bus 00-ff])
[    6.323720] acpi PNP0A03:00: _OSC: OS supports [ASPM ClockPM Segments MSI]
[    6.325761] acpi PNP0A03:00: _OSC failed (AE_NOT_FOUND); disabling ASPM
[    6.362960] acpi PNP0A03:00: fail to add MMCONFIG information, can't access extended PCI configuration space under this bridge.
[    6.377632] PCI host bridge to bus 0000:00
[    6.379099] pci_bus 0000:00: root bus resource [io  0x0000-0x0cf7 window]
[    6.381304] pci_bus 0000:00: root bus resource [io  0x0d00-0xffff window]
[    6.391616] pci_bus 0000:00: root bus resource [mem 0x000a0000-0x000bffff window]
[    6.407865] pci_bus 0000:00: root bus resource [mem 0x40000000-0xffdfffff window]
[    6.420742] pci_bus 0000:00: root bus resource [bus 00-ff]
[    6.430764] pci 0000:00:01.1: legacy IDE quirk: reg 0x10: [io  0x01f0-0x01f7]
[    6.440632] pci 0000:00:01.1: legacy IDE quirk: reg 0x14: [io  0x03f6]
[    6.443912] pci 0000:00:01.1: legacy IDE quirk: reg 0x18: [io  0x0170-0x0177]
[    6.446471] pci 0000:00:01.1: legacy IDE quirk: reg 0x1c: [io  0x0376]
[    6.478985] ACPI: PCI Interrupt Link [LNKA] (IRQs 5 9 10 11) *0, disabled.
[    6.491429] ACPI: PCI Interrupt Link [LNKB] (IRQs 5 9 10 *11)
[    6.517999] ACPI: PCI Interrupt Link [LNKC] (IRQs 5 9 *10 11)
[    6.534322] ACPI: PCI Interrupt Link [LNKD] (IRQs 5 *9 10 11)
[    6.545590] ACPI: Enabled 2 GPEs in block 00 to 07
[    6.554400] vgaarb: setting as boot device: PCI:0000:00:02.0
[    6.561031] vgaarb: device added: PCI:0000:00:02.0,decodes=io+mem,owns=io+mem,locks=none
[    6.565544] vgaarb: loaded
[    6.578392] vgaarb: bridge control possible 0000:00:02.0
[    6.580313] SCSI subsystem initialized
[    6.584568] ACPI: bus type USB registered
[    6.592717] usbcore: registered new interface driver usbfs
[    6.599649] usbcore: registered new interface driver hub
[    6.622019] usbcore: registered new device driver usb
[    6.640511] PCI: Using ACPI for IRQ routing
[    6.648880] NetLabel: Initializing
[    6.659017] NetLabel:  domain hash size = 128
[    6.660677] NetLabel:  protocols = UNLABELED CIPSOv4
[    6.663984] NetLabel:  unlabeled traffic allowed by default
[    6.674198] clocksource: Switched to clocksource kvm-clock
[   6.0750 ApArmor: AppArorFilesysstem Enabled
[   .92375] pnp: PnP ACPI init
[   .011438] pnp: PnP ACPI: found3 evce
[   .20708] clocksource:aci_m:mak: 0xffffff max_cycles: 0xffffff, max_idle_ns: 2085701024 ns
[   .47712] NET: Registered protocol family 2

[    7.581468] TCP established hash table enris: 819 (rdr: 4, 65536 bytes)

[    7.743831] TCP in hshtable entries: 8192 (orde: 5,1307 bte)[   .07051] TCP: Hash tables cofiurd (established 8192 bid 19)
[   .4755 UP hash table entries: 12(oder: 2, 16384 bytes)
[   .7891]UD-Lte hshtaleentrie: 12(order: 2, 16384 bytes)
[    9.143535] NET: Registered protocol family 1
[   .1506]pc 00000000:Liitng direct PCI/PCI transfers
[   .5496]pc 000:00:01.0: Activating ISA DMA hang workarounds

[    9.753807] Trying to unpack rootfs image as initramfs...
[   11.3905 Feenginitrd memory: 7220K (ffff8800371d6000 - ffff8800378e3000)
[  1.825664] APL PMU detected, API unit is 2^-32 Joules, 3 fixed counters 10737418240 ms ovfl timer
[  1.93978] hw unit of domain pp0-core 2^-0 Joules

[   12.017742] hw unit of domain package 2^-0 Joules
[   12.019636] hw unit of domain pp1-gpu 2^-0 Joules
[   2.024411 platform rtc_cmos: registered platform RTC device (no PNP device found)
[  1.0853]Scanning for low memory corruption every 60 seconds

[   12.240419] futex hash table entries: 512 (order: 3, 32768 bytes)
[   12.247280] audit: initializing netlink subsys (disabled)
[   12.257504] audit: type=2000 audit(1471956737.203:1): initialized
[   12.260276] Initialise system trusted keyring
[   12.265597] HugeTLB registered 2 MB page size, pre-allocated 0 pages
[   12.276172] zbud: loaded
[   12.279067] VFS: Disk quotas dquot_6.6.0
[   12.290603] VFS: Dquot-cache hash table entries: 512 (order 0, 4096 bytes)
[   12.304075] squashfs: version 4.0 (2009/01/31) Phillip Lougher
[   12.309836] fuse init (API version 7.23)
[   12.313556] Key type big_key registered
[   12.317010] Allocating IMA MOK and blacklist keyrings.
[   12.327006] Key type asymmetric registered
[   12.330628] Asymmetric key parser 'x509' registered
[   12.337569] Block layer SCSI generic (bsg) driver version 0.4 loaded (major 249)
[   12.342201] io scheduler noop registered
[   12.350173] io scheduler deadline registered (default)
[   12.355333] io scheduler cfq registered
[   12.360954] pci_hotplug: PCI Hot Plug PCI Core version: 0.5
[   12.364573] pciehp: PCI Express Hot Plug Controller Driver version: 0.4
[   12.371633] ACPI: AC Adapter [AC] (on-line)
[   12.387492] input: Power Button as /devices/LNXSYSTM:00/LNXPWRBN:00/input/input0
[   12.390272] ACPI: Power Button [PWRF]
[   12.393954] input: Sleep Button as /devices/LNXSYSTM:00/LNXSLPBN:00/input/input1
[   12.403151] ACPI: Sleep Button [SLPF]
[   12.408874] GHES: HEST is not enabled!
[   12.411579] ACPI: Battery Slot [BAT0] (battery present)
[   12.414036] Serial: 8250/16550 driver, 32 ports, IRQ sharing enabled
[   12.444013] 00:02: ttyS0 at I/O 0x3f8 (irq = 4, base_baud = 115200) is a 16550A
[   12.450870] Linux agpgart interface v0.103
[   12.459136] brd: module loaded
[   12.467036] loop: module loaded
[   12.481302] scsi host0: ata_piix
[   12.486704] scsi host1: ata_piix
[   12.491042] ata1: PATA max UDMA/33 cmd 0x1f0 ctl 0x3f6 bmdma 0xd000 irq 14
[   12.494862] ata2: PATA max UDMA/33 cmd 0x170 ctl 0x376 bmdma 0xd008 irq 15
[   12.498485] libphy: Fixed MDIO Bus: probed
[   12.502096] tun: Universal TUN/TAP device driver, 1.6
[   12.503909] tun: (C) 1999-2004 Max Krasnyansky <maxk@qualcomm.com>
[   12.507277] PPP generic driver version 2.4.2
[   12.512218] ehci_hcd: USB 2.0 'Enhanced' Host Controller (EHCI) Driver
[   12.517117] ehci-pci: EHCI PCI platform driver
[   12.521139] ehci-platform: EHCI generic platform driver
[   12.529983] ohci_hcd: USB 1.1 'Open' Host Controller (OHCI) Driver
[   12.536173] ohci-pci: OHCI PCI platform driver
[   12.540746] ohci-platform: OHCI generic platform driver
[   12.545388] uhci_hcd: USB Universal Host Controller Interface driver
[   12.548912] i8042: PNP: PS/2 Controller [PNP0303:PS2K,PNP0f03:PS2M] at 0x60,0x64 irq 1,12
[   12.553665] serio: i8042 KBD port at 0x60,0x64 irq 1
[   12.561339] serio: i8042 AUX port at 0x60,0x64 irq 12
[   12.566012] mousedev: PS/2 mouse device common for all mice
[   12.577168] rtc_cmos rtc_cmos: rtc core: registered rtc_cmos as rtc0
[   12.580697] rtc_cmos rtc_cmos: alarms up to one day, 114 bytes nvram
[   12.588021] input: AT Translated Set 2 keyboard as /devices/platform/i8042/serio0/input/input2
[   1.591173]i2 /eventrie divr
[   12.919016] device-mapper: uevent: version 1.0.3
[   12.920969] device-mapper: ioctl: 4.34.0-ioctl (2015-10-28) initialised: dm-devel@redhat.com
[   12.928762] ledtrig-cpu: registered to indicate activity on CPUs
[   12.941149] NET: Registered protocol family 10
[   12.951164] NET: Registered protocol family 17
[   12.960979] Key type dns_resolver registered
[   12.965671] microcode: CPU0 sig=0x306a9, pf=0x2, revision=0x19
[   12.974762] microcode: CPU1 sig=0x306a9, pf=0x2, revision=0x19
[   12.983016] microcode: Microcode Update Driver: v2.01 <tigran@aivazian.fsnet.co.uk>, Peter Oruba
[   12.987307] registered taskstats version 1
[   12.988812] Loading compiled-in X.509 certificates
[   13.007144] Loaded X.509 cert 'Build time autogenerated kernel key: c40ffa48d8617ce4553ee3ab59017c95e74f2501'
[   13.011324] zswap: loaded using pool lzo/zbud
[   13.020630] Key type trusted registered
[   13.026445] tsc: Refined TSC clocksource calibration: 2594.031 MHz
[   13.067930] clocksource: tsc: mask: 0xffffffffffffffff max_cycles: 0x25643551fe3, max_idle_ns: 440795290432 ns
[   13.070197] Key type encrypted registered
[   13.070206] AppArmor: AppArmor sha1 policy hashing enabled
[   13.070210] ima: No TPM chip found, activating TPM-bypass!
[   13.070340] evm: HMAC attrs: 0x1
[   13.070720]   Magic number: 12:352:886
[   13.098013] rtc_cmos rtc_cmos: setting system clock to 2016-08-23 12:52:18 UTC (1471956738)
[   13.098171] BIOS EDD facility v0.16 2004-Jun-25, 0 devices found
[   13.098171] EDD information not available.
[   13.183185] Freeing unused kernel memory: 1480K (ffffffff81f42000 - ffffffff820b4000)
[   13.194357] Write protecting the kernel read-only data: 14336k
[   13.202225] Freeing unused kernel memory: 1832K (ffff880001836000 - ffff880001a00000)
[   13.210065] Freeing unused kernel memory: 152K (ffff880001dda000 - ffff880001e00000)
Loading, please wait...
starting version[   13.236762] random: systemd-udevd urandom read with 3 bits of entropy available
 229
[   13.304177] e1000: Intel(R) PRO/1000 Network Driver - version 7.3.21-k8-NAPI
[   13.319163] e1000: Copyright (c) 1999-2006 Intel Corporation.
[   13.367461] Fusion MPT base driver 3.04.20
[   13.372265] Copyright (c) 1999-2008 LSI Corporation
[   13.451307] Fusion MPT SPI Host driver 3.04.20
[   13.547998] AVX version of gcm_enc/dec engaged.
[   13.551574] AES CTR mode by8 optimization enabled
[   13.650152] input: ImExPS/2 Generic Explorer Mouse as /devices/platform/i8042/serio1/input/input4
[   14.020653] e1000 0000:00:03.0 eth0: (PCI:33MHz:32-bit) 02:03:51:fc:44:0e
[   14.032716] e1000 0000:00:03.0 eth0: Intel(R) PRO/1000 Network Connection
[   14.053392] mptbase: ioc0: Initiating bringup
[   14.056216] e1000 0000:00:03.0 enp0s3: renamed from eth0
[   14.178124] ioc0: LSI53C1030 A0: Capabilities={Initiator}
[   14.846678] scsi host2: ioc0: LSI53C1030 A0, FwRev=00000000h, Ports=1, MaxQ=256, IRQ=20
[   15.015238] scsi 2:0:0:0: Direct-Access     VBOX     HARDDISK         1.0  PQ: 0 ANSI: 5
[   15.027599] scsi target2:0:0: Beginning Domain Validation
[   15.034742] scsi target2:0:0: Domain Validation skipping write tests
[   15.046693] scsi target2:0:0: Ending Domain Validation
[   15.048414] scsi target2:0:0: asynchronous
[   15.052118] scsi 2:0:1:0: Direct-Access     VBOX     HARDDISK         1.0  PQ: 0 ANSI: 5
[   15.065090] scsi target2:0:1: Beginning Domain Validation
[   15.072650] scsi target2:0:1: Domain Validation skipping write tests
[   15.078647] scsi target2:0:1: Ending Domain Validation
[   15.085783] scsi target2:0:1: asynchronous
[   15.103295] sd 2:0:0:0: Attached scsi generic sg0 type 0
[   15.103709] sd 2:0:0:0: [sda] 20971520 512-byte logical blocks: (10.7 GB/10.0 GiB)
[   15.104023] sd 2:0:0:0: [sda] Write Protect is off
[   15.104179] sd 2:0:0:0: [sda] Incomplete mode parameter data
[   15.104180] sd 2:0:0:0: [sda] Assuming drive cache: write through
[   15.121113]  sda: sda1
[   15.141513] sd 2:0:1:0: Attached scsi generic sg1 type 0
[   15.141813] sd 2:0:1:0: [sdb] 20480 512-byte logical blocks: (10.5 MB/10.0 MiB)
[   15.142116] sd 2:0:1:0: [sdb] Write Protect is off
[   15.142387] sd 2:0:1:0: [sdb] Incomplete mode parameter data
[   15.142388] sd 2:0:1:0: [sdb] Assuming drive cache: write through
[   15.144108] sd 2:0:0:0: [sda] Attached SCSI disk
[   15.173380] sd 2:0:1:0: [sdb] Attached SCSI disk
[   16.394319] floppy0: no floppy controllers found
Begin: Loading e[   17.964995] md: linear personality registered for level -1
ssential drivers ... [   17.973356] md: multipath personality registered for level -4
[   17.985243] md: raid0 personality registered for level 0
[   18.025633] md: raid1 personality registered for level 1
[   18.106358] raid6: sse2x1   gen()  5330 MB/s
[   18.182348] raid6: sse2x1   xor()  4498 MB/s
[   18.250510] raid6: sse2x2   gen()  7218 MB/s
[   18.322438] raid6: sse2x2   xor()  4557 MB/s
[   18.398460] raid6: sse2x4   gen()  7502 MB/s
[   18.466609] raid6: sse2x4   xor()  4789 MB/s
[   18.469619] raid6: using algorithm sse2x4 gen() 7502 MB/s
[   18.474467] raid6: .... xor() 4789 MB/s, rmw enabled
[   18.481572] raid6: using ssse3x2 recovery algorithm
[   18.491406] xor: automatically using best checksumming function:
[   18.534706]    avx       : 12371.000 MB/sec
[   18.544024] async_tx: api initialized (async)
[   18.567633] md: raid6 personality registered for level 6
[   18.584345] md: raid5 personality registered for level 5
[   18.586705] md: raid4 personality registered for level 4
[   18.603913] md: raid10 personality registered for level 10
done.
Begin: Running /scripts/init-premount ... done.
Begin: Mounting root file system ... Begin: Running /scripts/local-top ... done.
Begin: Running /scripts/local-premount ... [   18.673939] Btrfs loaded
Scanning for Btrfs filesystems
done.
Warning: fsck not present, so skipping root file system
[   18.869714] EXT4-fs (sda1): mounted filesystem with ordered data mode. Opts: (null)
done.
Begin: Running /scripts/local-bottom ... done.
Begin: Running /scripts/init-bottom ... Warning: overlayroot: debug is busted
done.
[ 1957097] random: nonblocking pool is initialized
[   20.077637] systemd[1]: systemd 229 running in system mode. (+PAM +AUDIT +SELINUX +IMA +APPARMOR +SMACK +SYSVINIT +UTMP +LIBCRYPTSETUP +GCRYPT +GNUTLS +ACL +XZ -LZ4 +SECCOMP +BLKID +ELFUTILS +KMOD -IDN)
[   20.142946] systemd[1]: Detected virtualization oracle.
[   20.164068] systemd[1]: Detected architecture x86-64.

Welcome to [1mUbuntu 16.04.1 LTS[0m!

[  2.21764] systemd[1]: Set hostname to <ubuntu>.

[ 20.421306] systemd[1]: Initializing machine ID from random generator.

[   20.486571] systemd[1]: Installed transient /etc/machine-id file.
[ 509872] ptscsih: ioc0: attemptin tsk abort! (sc=ffff88003e3ab200)
[  5.283] sd 2:0:0:0: [sda] tag#4 CDB: Read(10) 28 00 00 06 46 48 00 00 08 00

[ 5200740]mptscsh:io0:tak abort: FAILED (rv=00) scffff803eab00
  526261 mtssih: ioc0: attempting target reset! (sc=ffff88003e3ab200)
[   52.886349] sd 2:0:0:0: [sda] tag#4 CDB: Read(10) 28 00 00 06 46 48 00 00 08 00
[  53.1927] ptcsh:io0: target reset:SUCCESS (sc=ffff880033ab200)

[   53.736956] systemd[1]: Listening on LVM2 metadata daemon socket.
[[0;32m  OK  [0m] Listening on LVM2 metadata daemon socket.
[   53.770894] systemd[1]: Reached target Swap.
[[0;32m  OK  [0m] Reached target Swap.
[   53.792240] systemd[1]: Listening on udev Kernel Socket.
[[0;32m  OK  [0m] Listening on udev Kernel Socket.
[   53.804415] systemd[1]: Created slice User and Session Slice.
[[0;32m  OK  [0m] Created slice User and Session Slice.
[  53.825343] systemd[1]: Set up automount Arbitrary Executable File Formats File System Automount Point.
[[0;32m  OK  [0m] Set up automount Arbitrary Executab...ats File System Automount Point.
[   53.9645]syted[]: Reahe target User and roup Name Lookups.

[[0;32m  OK  [0m] Reached target User and Group Name Lookups.
[   54.279257] systemd[1]: Listening on /dev/initctl Compatibility Named Pipe.
[[0;32m  OK  [0m] Listening on /dev/initctl Compatibility Named Pipe.
[   54.311612] systemd[1]: Listening on LVM2 poll daemon socket.
[[0;32m  OK  [0m] Listening on LVM2 poll daemon socket.
[   54.326798] systemd[1]: Started Forward Password Requests to Wall Directory Watch.
[[0;32m  OK  [0m] Started Forward Password Requests to Wall Directory Watch.
[   54.355247] systemd[1]: Listening on Journal Socket (/dev/log).
[[0;32m  OK  [0m] Listening on Journal Socket (/dev/log).
[   54.374710] systemd[1]: Listening on Syslog Socket.
[[0;32m  OK  [0m] Listening on Syslog Socket.
[   54.390852] systemd[1]: Listening on udev Control Socket.
[[0;32m  OK  [0m] Listening on udev Control Socket.
[  5.4482] ystemd[1]:Litein on Journal Socket.

[[0;32m  OK  [0m] Listening on Journal Socket.
[   54.690922] systemd[1]: Reached target Encrypted Volumes.
[[0;32m  OK  [0m] Reached target Encrypted Volumes.
[   54.708526] systemd[1]: Created slice System Slice.
[[0;32m  OK  [0m] Created slice System Slice.
[   54.734489] systemd[1]: Starting Create list of required static device nodes for the current kernel...
         Starting Create list of required st... nodes for the current kernel...
[   54.774343] systemd[1]: Mounting Huge Pages File System...
         Mounting Huge Pages File System...
[   54.862436] systemd[1]: Mounting Debug File System...
         Mounting Debug File System...
[   54.923014] systemd[1]: Starting Nameserver information manager...
         Starting Nameserver information manager...
[   54.970621] systemd[1]: Starting Set console keymap...
         Starting Set console keymap...
[   55.004408] systemd[1]: Mounting POSIX Message Queue File System...
         Mounting POSIX Message Queue File System...
[   55.041376] systemd[1]: Starting Uncomplicated firewall...
         Starting Uncomplicated firewall...
[   55.060076] systemd[1]: Reached target Slices.
[[0;32m  OK  [0m] Reached target Slices.
[   55.078678] systemd[1]: Starting Remount Root and Kernel File Systems...
         Starting Remount Root and Kernel File Systems...
[   55.099149] systemd[1]: Created slice system-seri\x2dgetty.slice.
[[0;32m  OK  [0m] Created slice system-serial\[   55.190447] EXT4-fs (sda1): re-mounted. Opts: (null)
x2dgetty.slice.
[   55.306695] systemd[1]: Starting Load Kernel Modules...
         Starting Load Kernel Modules...
[   55.315315] systemd[1]: Listening on Journal Audit Socket.
[[0;32m  OK  [0m] Listening on Journal Audit Socket.
[   55.328141] systemd[1]: Starting Journal Service...
         Starting Journal Service...
[   55.354530] systemd[1]: Listening on Device-mapper event daemon FIFOs.
[[0;32m  OK  [0m] Listening on Device-mapper event daemon FIFOs.
[   55.382746] systemd[1]: Starting Monitoring of LVM2 mirrors, snapshots etc. using dmeventd or progress polling...
         Starting Monitoring of LVM2 mirrors... dmeventd or progress polling...
[   55.439547] systemd[1]: Mounted POSIX Message Queue File System.
[[0;32m  OK  [0m] Mounted POSIX Message Queue File System.
[   55.475093] systemd[1]: Mounted Debug File System.
[[0;32m  OK  [[   55.490474] Loading iSCSI transport class v2.0-870.
0m] Mounted Debug File System.
[   55.902519] systemd[1]: Mounted Huge Pages File System.
[[0;32m  OK  [0m] Mounted Huge Pages File Syst[   55.930392] iscsi: registered transport (tcp)
em.
[   55.943118] systemd[1]: Started Create list of required static device nodes for the current kernel.
[[0;32m  OK  [0m] Started Create list of required sta...ce nodes for the current kernel.
[   55.963104] systemd[1]: Started Set console keymap.
[[0;32m  OK  [0m] Started Set console keymap.
[   55.983901] systemd[1]: Started Uncomplicated firewall.
[[0;32m  OK  [0m] Started Uncomplicated firewall.
[   56.019114] systemd[1]: Started Remount Root and Kernel File Systems.
[[0;32m  OK  [0m] Started Remount Root and Kernel File Systems.
[   56.074571] systemd[1]: Started Nameserver information manager.
[[0;32m  OK  [0m] Started Nameserver information manager.
[   56.123236] systemd[1]: Started Journal Service.
[[0;32m  OK  [0m] Started Journal Service.
         Starting Flush Journal to Persistent Storage...
[   56.202862] iscsi: registered transport (iser)
         Starting udev Coldplug all Devices...
         Starting Load/Save Random Seed...
         Starting Create Static Device Nodes in /dev...
[[0;32m  OK  [0m] Started Load Kernel Modules.
[   56.389041] systemd-journald[813]: Received request to flush runtime journal from PID 1
         Mounting FUSE Control File System...
         Starting Apply Kernel Variables...
[[0;32m  OK  [0m] Mounted FUSE Control File System.
[[0;32m  OK  [0m] Started Flush Journal to Persistent Storage.
[[0;32m  OK  [0m] Started LVM2 metadata daemon.
[[0;32m  OK  [0m] Started udev Coldplug all Devices.
[[0;32m  OK  [0m] Started Load/Save Random Seed.
[[0;32m  OK  [0m] Started Apply Kernel Variables.
[[0;32m  OK  [0m] Started Create Static Device Nodes in /dev.
         Starting udev Kernel Device Manager...
[[0;32m  OK  [0m] Started Monitoring of LVM2 mirrors,...ng dmeventd or progress polling.
[[0;32m  OK  [0m] Started udev Kernel Device Manager.
[[0;32m  OK  [0m] Started Dispatch Password Requests to Console Directory Watch.
[[0;32m  OK  [0m] Reached target Local File Systems (Pre).
[[0;32m  OK  [0m] Reached target Local File Systems.
         Starting Tell Plymouth To Write Out Runtime Data...
         Starting Set console font and keymap...
         Starting Commit a transient machine-id on disk...
         Starting Create Volatile Files and Directories...
         Starting LSB: AppArmor initialization...
         Starting Initial cloud-init job (pre-networking)...
[[0;32m  OK  [0m] Started Commit a transient machine-id on disk.
[[0;32m  OK  [0m] Started Tell Plymouth To Write Out Runtime Data.
[[0;32m  OK  [0m] Started Create Volatile Files and Directories.
         Starting Update UTMP about System Boot/Shutdown...
         Starting Network Time Synchronization...
[[0;32m  OK  [0m] Started Update UTMP about System Boot/Shutdown.
[[0;32m  OK  [0m] Started Network Time Synchronization.
[[0;32m  OK  [0m] Found device /dev/ttyS0.
[[0;32m  OK  [0m] Reached target System Time Synchronized.
[[0;32m  OK  [0m] Listening on Load/Save RF Kill Switch Status /dev/rfkill Watch.
[[0;32m  OK  [0m] Started LSB: AppArmor initialization.
[[0;32m  OK  [0m] Reached target System Initialization.
[[0;32m  OK  [0m] Started Trigger resolvconf update for networkd DNS.
[[0;32m  OK  [0m] Listening on ACPID Listen Socket.
         Starting Socket activation for snappy daemon.
[[0;32m  OK  [0m] Started Daily apt activities.
[[0;32m  OK  [0m] Started ACPI Events Check.
[[0;32m  OK  [0m] Reached target Paths.
[[0;32m  OK  [0m] Listening on D-Bus System Message Bus Socket.
[[0;32m  OK  [0m] Started Daily Cleanup of Temporary Directories.
[[0;32m  OK  [0m] Started Timer to automatically refresh installed snaps.
[[0;32m  OK  [0m] Reached target Timers.
[[0;32m  OK  [0m] Listening on UUID daemon activation socket.
         Starting LXD - unix socket.
[[0;32m  OK  [0m] Listening on Socket activation for snappy daemon.
[[0;32m  OK  [0m] Listening on LXD - unix socket.
[[0;32m  OK  [0m] Reached target Sockets.
[[0;32m  OK  [0m] Reached target Basic System.
         Starting LSB: MD monitoring daemon...
         Starting Accounts Service...
[[0;32m  OK  [0m] Started D-Bus System Message Bus.
[[0;32m  OK  [0m] Started FUSE filesystem for LXC.
         Starting Login Service...
[[0;32m  OK  [0m] Started Regular background program processing daemon.
[[0;32m  OK  [0m] Started ACPI event daemon.
         Starting System Logging Service...
         Starting LSB: Record successful boot for GRUB...
[[0;32m  OK  [0m] Started Deferred execution scheduler.
         Starting LXD - container startup/shutdown...
[[0;32m  OK  [0m] Started Snappy daemon.
[[0;32m  OK  [0m] Started Set console font and keymap.
         Starting Authenticate and Authorize Users to Run Privileged Tasks...
[[0;32m  OK  [0m] Created slice system-getty.slice.
[[0;32m  OK  [0m] Started Login Service.
[[0;32m  OK  [0m] Started LSB: Record successful boot for GRUB.
[[0;32m  OK  [0m] Started LSB: MD monitoring daemon.
[[0;32m  OK  [0m] Started Authenticate and Authorize Users to Run Privileged Tasks.
[[0;32m  OK  [0m] Started Accounts Service.
[[0;32m  OK  [0m] Started System Logging Service.
[[0;32m  OK  [0m] Started LXD - container startup/shutdown.
[   64.887581] cloud-init[989]: Cloud-init v. 0.7.7 running 'init-local' at Tue, 23 Aug 2016 12:53:15 +0000. Up 63.98 seconds.
[[0;32m  OK  [0m] Started Initial cloud-init job (pre-networking).
[[0;32m  OK  [0m] Reached target Network (Pre).
         Starting Raise network interfaces...
[[0;32m  OK  [0m] Started Raise network interfaces.
         Starting Initial cloud-init job (metadata service crawler)...
[[0;32m  OK  [0m] Reached target Network.
